###############################################################################
#
# IAR ELF Linker V7.80.4.12462/W32 for ARM                07/Nov/2020  14:14:14
# Copyright 2007-2017 IAR Systems AB.
#
#    Output file  =  
#        D:\code\mkr\stm32\stm32f0xx\usb_dev_hid_sens_current\Debug\Exe\usb_dev.out
#    Map file     =  
#        D:\code\mkr\stm32\stm32f0xx\usb_dev_hid_sens_current\Debug\List\usb_dev.map
#    Command line =  
#        D:\code\mkr\stm32\stm32f0xx\usb_dev_hid_sens_current\Debug\Obj\main.o
#        D:\code\mkr\stm32\stm32f0xx\usb_dev_hid_sens_current\Debug\Obj\startup_stm32f042x6.o
#        -o
#        D:\code\mkr\stm32\stm32f0xx\usb_dev_hid_sens_current\Debug\Exe\usb_dev.out
#        --redirect _Printf=_PrintfFull --redirect _Scanf=_ScanfFull --map
#        D:\code\mkr\stm32\stm32f0xx\usb_dev_hid_sens_current\Debug\List\usb_dev.map
#        --config "C:\Program Files (x86)\IAR Systems\Embedded Workbench
#        7.5\arm\config\linker\ST\stm32f042x6.icf" --semihosting --entry
#        __iar_program_start --vfe
#
###############################################################################

*******************************************************************************
*** RUNTIME MODEL ATTRIBUTES
***

CppFlavor       = *
__SystemLibrary = DLib


*******************************************************************************
*** PLACEMENT SUMMARY
***

"A0":  place at 0x08000000 { ro section .intvec };
"P1":  place in [from 0x08000000 to 0x08007fff] { ro };
"P2":  place in [from 0x20000000 to 0x200017ff] { rw, block CSTACK, block HEAP };

  Section          Kind        Address    Size  Object
  -------          ----        -------    ----  ------
"A0":                                     0xc0
  .intvec          ro code  0x08000000    0xc0  startup_stm32f042x6.o [1]
                          - 0x080000c0    0xc0

"P1":                                   0x1054
  .text            ro code  0x080000c0   0x6bc  main.o [1]
  .text            ro code  0x0800077c    0x32  FltToDbl.o [4]
  .text            ro code  0x080007ae     0x2  startup_stm32f042x6.o [1]
  .text            ro code  0x080007b0    0x20  I32ToDbl.o [4]
  .text            ro code  0x080007d0   0x184  DblMul.o [4]
  .text            ro code  0x08000954    0xc2  DblDiv.o [4]
  .text            ro code  0x08000a16   0x1b4  DblAddSub.o [4]
  .text            ro code  0x08000bca    0x62  DblToFlt.o [4]
  .text            ro code  0x08000c2c    0x1e  I32ToFlt.o [4]
  .text            ro code  0x08000c4a    0xb0  FltMul.o [4]
  .text            ro code  0x08000cfa    0xaa  FltDiv.o [4]
  .text            ro code  0x08000da4   0x120  FltAddSub.o [4]
  .text            ro code  0x08000ec4    0x3a  FltToS32.o [4]
  .text            ro code  0x08000efe    0xe0  I32DivModFast.o [5]
  .text            ro code  0x08000fde     0x2  startup_stm32f042x6.o [1]
  .text            ro code  0x08000fe0     0x2  IntDivZer.o [5]
  .text            ro code  0x08000fe2    0x3c  zero_init3.o [5]
  .text            ro code  0x0800101e     0x2  startup_stm32f042x6.o [1]
  .text            ro code  0x08001020    0x34  startup_stm32f042x6.o [1]
  .text            ro code  0x08001054    0x28  data_init.o [5]
  .iar.init_table  const    0x0800107c    0x10  - Linker created -
  .text            ro code  0x0800108c    0x1a  cmain.o [5]
  .text            ro code  0x080010a6     0x4  low_level_init.o [3]
  .text            ro code  0x080010aa     0x8  exit.o [3]
  .text            ro code  0x080010b2     0x2  startup_stm32f042x6.o [1]
  .text            ro code  0x080010b4     0xa  cexit.o [5]
  .text            ro code  0x080010be     0x2  startup_stm32f042x6.o [1]
  .text            ro code  0x080010c0    0x14  exit.o [6]
  .text            ro code  0x080010d4     0xc  cstartup_M.o [5]
  .text            ro code  0x080010e0     0x2  startup_stm32f042x6.o [1]
  .text            ro code  0x080010e2     0x2  startup_stm32f042x6.o [1]
  .text            ro code  0x080010e4     0x2  startup_stm32f042x6.o [1]
  .text            ro code  0x080010e6     0x2  startup_stm32f042x6.o [1]
  .text            ro code  0x080010e8     0x2  startup_stm32f042x6.o [1]
  .text            ro code  0x080010ea     0x2  startup_stm32f042x6.o [1]
  .text            ro code  0x080010ec     0x2  startup_stm32f042x6.o [1]
  .text            ro code  0x080010ee     0x2  startup_stm32f042x6.o [1]
  .text            ro code  0x080010f0     0x2  startup_stm32f042x6.o [1]
  .text            ro code  0x080010f2     0x2  startup_stm32f042x6.o [1]
  .text            ro code  0x080010f4     0x2  startup_stm32f042x6.o [1]
  .text            ro code  0x080010f6     0x2  startup_stm32f042x6.o [1]
  .text            ro code  0x080010f8     0x2  startup_stm32f042x6.o [1]
  .text            ro code  0x080010fa     0x2  startup_stm32f042x6.o [1]
  .text            ro code  0x080010fc     0x2  startup_stm32f042x6.o [1]
  .text            ro code  0x080010fe     0x2  startup_stm32f042x6.o [1]
  .text            ro code  0x08001100     0x2  startup_stm32f042x6.o [1]
  .text            ro code  0x08001102     0x2  startup_stm32f042x6.o [1]
  .text            ro code  0x08001104     0x2  startup_stm32f042x6.o [1]
  .text            ro code  0x08001106     0x2  startup_stm32f042x6.o [1]
  .text            ro code  0x08001108     0x2  startup_stm32f042x6.o [1]
  .text            ro code  0x0800110a     0x2  startup_stm32f042x6.o [1]
  .text            ro code  0x0800110c     0x2  startup_stm32f042x6.o [1]
  .text            ro code  0x0800110e     0x2  startup_stm32f042x6.o [1]
  .text            ro code  0x08001110     0x2  startup_stm32f042x6.o [1]
  .text            ro code  0x08001112     0x2  startup_stm32f042x6.o [1]
  .rodata          const    0x08001114     0x0  zero_init3.o [5]
                          - 0x08001114  0x1054

"P2", part 1 of 2:                       0xfbc
  .bss             zero     0x20000000   0xfa8  main.o [1]
  .bss             zero     0x20000fa8     0x4  main.o [1]
  .bss             zero     0x20000fac     0x4  main.o [1]
  .bss             zero     0x20000fb0     0x2  main.o [1]
  .bss             zero     0x20000fb2     0x2  main.o [1]
  .bss             zero     0x20000fb4     0x2  main.o [1]
  .bss             zero     0x20000fb6     0x2  main.o [1]
  .bss             zero     0x20000fb8     0x1  main.o [1]
                          - 0x20000fb9   0xfb9

"P2", part 2 of 2:                       0x400
  CSTACK                    0x20000fc0   0x400  <Block>
    CSTACK         uninit   0x20000fc0   0x400  <Block tail>
                          - 0x200013c0   0x400


*******************************************************************************
*** INIT TABLE
***

          Address     Size
          -------     ----
Zero (__iar_zero_init3)
    1 destination range, total size 0xfb9:
          0x20000000  0xfb9



*******************************************************************************
*** MODULE SUMMARY
***

    Module                 ro code  ro data  rw data
    ------                 -------  -------  -------
D:\code\mkr\stm32\stm32f0xx\usb_dev_hid_sens_current\Debug\Obj: [1]
    main.o                   1 724             4 025
    startup_stm32f042x6.o      306
    ------------------------------------------------
    Total:                   2 030             4 025

command line: [2]
    ------------------------------------------------
    Total:

dl6M_tln.a: [3]
    exit.o                       8
    low_level_init.o             4
    ------------------------------------------------
    Total:                      12

m6M_tl.a: [4]
    DblAddSub.o                436
    DblDiv.o                   194
    DblMul.o                   388
    DblToFlt.o                  98
    FltAddSub.o                288
    FltDiv.o                   170
    FltMul.o                   176
    FltToDbl.o                  50
    FltToS32.o                  58
    I32ToDbl.o                  32
    I32ToFlt.o                  30
    ------------------------------------------------
    Total:                   1 920

rt6M_tl.a: [5]
    I32DivModFast.o            224
    IntDivZer.o                  2
    cexit.o                     10
    cmain.o                     26
    cstartup_M.o                12
    data_init.o                 40
    zero_init3.o                60
    ------------------------------------------------
    Total:                     374

shb_l.a: [6]
    exit.o                      20
    ------------------------------------------------
    Total:                      20

    Linker created                       16    1 024
----------------------------------------------------
    Grand Total:             4 356       16    5 049


*******************************************************************************
*** ENTRY LIST
***

Entry                      Address   Size  Type      Object
-----                      -------   ----  ----      ------
.iar.init_table$$Base   0x0800107c          --   Gb  - Linker created -
.iar.init_table$$Limit  0x0800108c          --   Gb  - Linker created -
?main                   0x0800108d         Code  Gb  cmain.o [5]
ADC_Val                 0x08000419   0x32  Code  Gb  main.o [1]
ADC_init                0x08000341   0x94  Code  Gb  main.o [1]
CSTACK$$Base            0x20000fc0          --   Gb  - Linker created -
CSTACK$$Limit           0x200013c0          --   Gb  - Linker created -
ClockInit               0x080000c1   0xc2  Code  Gb  main.o [1]
PortInit                0x08000183  0x16a  Code  Gb  main.o [1]
Region$$Table$$Base     0x0800107c          --   Gb  - Linker created -
Region$$Table$$Limit    0x0800108c          --   Gb  - Linker created -
SysTick_Handler         0x08000301   0x16  Code  Gb  main.o [1]
Systick_init            0x080002ed   0x14  Code  Gb  main.o [1]
TIMER_init              0x08000317   0x1a  Code  Gb  main.o [1]
USART_TrByte            0x08000455   0x1e  Code  Gb  main.o [1]
USART_init              0x080003d5   0x2e  Code  Gb  main.o [1]
Volt                    0x20000000  0xfa8  Data  Gb  main.o [1]
__ICFEDIT_region_RAM_end__ {Abs}
                        0x200017ff         Data  Gb  command line/config [2]
__ICFEDIT_region_RAM_start__ {Abs}
                        0x20000000         Data  Gb  command line/config [2]
__aeabi_d2f             0x08000bcb         Code  Gb  DblToFlt.o [4]
__aeabi_dadd            0x08000a17         Code  Gb  DblAddSub.o [4]
__aeabi_ddiv            0x08000955         Code  Gb  DblDiv.o [4]
__aeabi_dmul            0x080007d1         Code  Gb  DblMul.o [4]
__aeabi_dsub            0x08000add         Code  Gb  DblAddSub.o [4]
__aeabi_f2d             0x0800077d         Code  Gb  FltToDbl.o [4]
__aeabi_f2iz            0x08000ec5         Code  Gb  FltToS32.o [4]
__aeabi_fadd            0x08000da5         Code  Gb  FltAddSub.o [4]
__aeabi_fdiv            0x08000cfb         Code  Gb  FltDiv.o [4]
__aeabi_fmul            0x08000c4b         Code  Gb  FltMul.o [4]
__aeabi_fsub            0x08000e15         Code  Gb  FltAddSub.o [4]
__aeabi_idiv            0x08000f2b         Code  Gb  I32DivModFast.o [5]
__aeabi_idiv0           0x08000fe1         Code  Gb  IntDivZer.o [5]
__aeabi_idivmod         0x08000f2b         Code  Gb  I32DivModFast.o [5]
__aeabi_ui2d            0x080007b1         Code  Gb  I32ToDbl.o [4]
__aeabi_ui2f            0x08000c2d         Code  Gb  I32ToFlt.o [4]
__aeabi_uidiv           0x08000f31         Code  Gb  I32DivModFast.o [5]
__aeabi_uidivmod        0x08000f31         Code  Gb  I32DivModFast.o [5]
__cmain                 0x0800108d         Code  Gb  cmain.o [5]
__exit                  0x080010c1   0x14  Code  Gb  exit.o [6]
__iar_data_init3        0x08001055   0x28  Code  Gb  data_init.o [5]
__iar_program_start     0x080010d5         Code  Gb  cstartup_M.o [5]
__iar_ui2d              0x080007b5         Code  Gb  I32ToDbl.o [4]
__iar_ui2f              0x08000c31         Code  Gb  I32ToFlt.o [4]
__iar_zero_init3        0x08000fe3   0x3c  Code  Gb  zero_init3.o [5]
__low_level_init        0x080010a7    0x4  Code  Gb  low_level_init.o [3]
__vector_table          0x08000000         Data  Gb  startup_stm32f042x6.o [1]
_call_main              0x08001099         Code  Gb  cmain.o [5]
_exit                   0x080010b5         Code  Gb  cexit.o [5]
_main                   0x080010a3         Code  Gb  cmain.o [5]
adc_timer               0x20000fb4    0x2  Data  Gb  main.o [1]
cnt                     0x20000fb6    0x2  Data  Gb  main.o [1]
exit                    0x080010ab    0x8  Code  Gb  exit.o [3]
led_st                  0x20000fa8    0x4  Data  Gb  main.o [1]
led_timer               0x20000fb2    0x2  Data  Gb  main.o [1]
led_timer_1             0x20000fb0    0x2  Data  Gb  main.o [1]
main                    0x080004dd  0x240  Code  Gb  main.o [1]
start                   0x20000fac    0x4  Data  Gb  main.o [1]
temp                    0x20000fb8    0x1  Data  Gb  main.o [1]


[1] = D:\code\mkr\stm32\stm32f0xx\usb_dev_hid_sens_current\Debug\Obj
[2] = command line
[3] = dl6M_tln.a
[4] = m6M_tl.a
[5] = rt6M_tl.a
[6] = shb_l.a

  4 356 bytes of readonly  code memory
     16 bytes of readonly  data memory
  5 049 bytes of readwrite data memory

Errors: none
Warnings: none
